../Core/Src/main.c:117:6:HAL_UART_RxCpltCallback	16	static
../Core/Src/main.c:133:6:HAL_GPIO_EXTI_Callback	16	static
../Core/Src/main.c:140:6:read_rx_buf	8	static
../Core/Src/main.c:149:6:measure_distance	4	static
../Core/Src/main.c:156:6:detect_falling	8	static
../Core/Src/main.c:172:5:main	8	static
../Core/Src/main.c:257:6:SystemClock_Config	88	static
../Core/Src/main.c:304:13:MX_TIM1_Init	96	static
../Core/Src/main.c:379:13:MX_TIM2_Init	64	static
../Core/Src/main.c:438:13:MX_USART2_UART_Init	8	static
../Core/Src/main.c:471:13:MX_USART6_UART_Init	8	static
../Core/Src/main.c:502:13:MX_DMA_Init	16	static
../Core/Src/main.c:523:13:MX_GPIO_Init	48	static
../Core/Src/main.c:575:6:Error_Handler	4	static,ignoring_inline_asm
